../Core/Src/main.c:77:6:MPU6050_Init	48	static
../Core/Src/main.c:110:6:MPU6050_Read_Gyro	40	static
../Core/Src/main.c:121:6:MPU6050_Calibrate	104	static
../Core/Src/main.c:148:6:getAngle	40	static
../Core/Src/main.c:168:6:stop	8	static
../Core/Src/main.c:176:6:forward	16	static
../Core/Src/main.c:186:6:backward	16	static
../Core/Src/main.c:196:6:left	16	static
../Core/Src/main.c:206:6:right	16	static
../Core/Src/main.c:221:5:main	8	static
../Core/Src/main.c:278:6:SystemClock_Config	96	static
../Core/Src/main.c:327:13:MX_I2C1_Init	8	static
../Core/Src/main.c:375:13:MX_TIM2_Init	64	static
../Core/Src/main.c:434:13:MX_USART2_UART_Init	8	static
../Core/Src/main.c:469:13:MX_GPIO_Init	48	static
../Core/Src/main.c:505:6:Error_Handler	4	static
