../Core/Src/main.c:78:6:MPU6050_Init	48	static
../Core/Src/main.c:111:6:MPU6050_Read_Gyro	40	static
../Core/Src/main.c:122:6:MPU6050_Calibrate	104	static
../Core/Src/main.c:149:6:checkAngle	40	static
../Core/Src/main.c:168:6:forwardControl	48	static
../Core/Src/main.c:211:6:stop	8	static
../Core/Src/main.c:219:6:forward	32	static
../Core/Src/main.c:227:6:backward	16	static
../Core/Src/main.c:237:6:left	16	static
../Core/Src/main.c:247:6:right	16	static
../Core/Src/main.c:262:5:main	8	static
../Core/Src/main.c:321:6:SystemClock_Config	96	static
../Core/Src/main.c:370:13:MX_I2C1_Init	8	static
../Core/Src/main.c:418:13:MX_TIM16_Init	8	static
../Core/Src/main.c:450:13:MX_USART2_UART_Init	8	static
../Core/Src/main.c:485:13:MX_GPIO_Init	48	static
../Core/Src/main.c:521:6:Error_Handler	4	static
